
> nextn@0.1.0 dev
> next dev --turbopack

   ▲ Next.js 15.0.7 (Turbopack)
   - Local:        http://localhost:3000
   - Environments: .env

 ✓ Starting...
Slow filesystem detected. If /home/user/profitscout-app/.next is a network drive, consider moving it to a local folder. If you have an antivirus enabled, consider excluding your project directory.
 ✓ Ready in 6.1s
 ○ Compiling / ...
 GET /api/cron/send-daily-setups 401 in 70382ms
Cron job triggered: Starting sendDailySetupsFlow...
[Mailgun Debug] DOMAIN= mg.gammarips.com
[Mailgun Debug] FROM  = GammaRips <support@gammarips.com>
[Mailgun Debug] TO    = Rendy Davisca <daviscarendy706@gmail.com>
[Mailgun Debug] SUBJ  = The Daily Playbook: Tomorrow’s contracts are ready.
[Mailgun Success] {
  id: '<20251223122955.11a4e99bb1cff02a@mg.gammarips.com>',
  message: 'Queued. Thank you.'
}
[Mailgun Debug] DOMAIN= mg.gammarips.com
[Mailgun Debug] FROM  = GammaRips <support@gammarips.com>
[Mailgun Debug] TO    = ezryte@gmail.com <ezryte@gmail.com>
[Mailgun Debug] SUBJ  = The Daily Playbook: Tomorrow’s contracts are ready.
[Mailgun Success] {
  id: '<20251223122955.d3804442e487daac@mg.gammarips.com>',
  message: 'Queued. Thank you.'
}
[Mailgun Debug] DOMAIN= mg.gammarips.com
[Mailgun Debug] FROM  = GammaRips <support@gammarips.com>
[Mailgun Debug] TO    = Carlos Santos <carlossantosrealtor@gmail.com>
[Mailgun Debug] SUBJ  = The Daily Playbook: Tomorrow’s contracts are ready.
[Mailgun Success] {
  id: '<20251223122955.cfd22809b2217df4@mg.gammarips.com>',
  message: 'Queued. Thank you.'
}
[Mailgun Debug] DOMAIN= mg.gammarips.com
[Mailgun Debug] FROM  = GammaRips <support@gammarips.com>
[Mailgun Debug] TO    = rebel2x6@yahoo.com <rebel2x6@yahoo.com>
[Mailgun Debug] SUBJ  = The Daily Playbook: Tomorrow’s contracts are ready.
[Mailgun Success] {
  id: '<20251223122955.a81c5bed58032a2c@mg.gammarips.com>',
  message: 'Queued. Thank you.'
}
[Mailgun Debug] DOMAIN= mg.gammarips.com
[Mailgun Debug] FROM  = GammaRips <support@gammarips.com>
[Mailgun Debug] TO    = yoselinornelas86@gmail.com.com <yoselinornelas86@gmail.com.com>
[Mailgun Debug] SUBJ  = The Daily Playbook: Tomorrow’s contracts are ready.
[Mailgun Success] {
  id: '<20251223122955.c99151b5ebf5f8b5@mg.gammarips.com>',
  message: 'Queued. Thank you.'
}
[Mailgun Debug] DOMAIN= mg.gammarips.com
[Mailgun Debug] FROM  = GammaRips <support@gammarips.com>
[Mailgun Debug] TO    = Tadeo Sánchez lopez <tadeitosaul@gmail.com>
[Mailgun Debug] SUBJ  = The Daily Playbook: Tomorrow’s contracts are ready.
[Mailgun Success] {
  id: '<20251223122956.2c14d125f895b912@mg.gammarips.com>',
  message: 'Queued. Thank you.'
}
[Mailgun Debug] DOMAIN= mg.gammarips.com
[Mailgun Debug] FROM  = GammaRips <support@gammarips.com>
[Mailgun Debug] TO    = Debbie Singhurse <debbie24115@gmail.com>
[Mailgun Debug] SUBJ  = The Daily Playbook: Tomorrow’s contracts are ready.
[Mailgun Success] {
  id: '<20251223122956.baff0d2663d20b97@mg.gammarips.com>',
  message: 'Queued. Thank you.'
}
[Mailgun Debug] DOMAIN= mg.gammarips.com
[Mailgun Debug] FROM  = GammaRips <support@gammarips.com>
[Mailgun Debug] TO    = codymccord@pillarmail.com <codymccord@pillarmail.com>
[Mailgun Debug] SUBJ  = The Daily Playbook: Tomorrow’s contracts are ready.
[Mailgun Success] {
  id: '<20251223122956.de7cf88ed073b5ec@mg.gammarips.com>',
  message: 'Queued. Thank you.'
}
[Mailgun Debug] DOMAIN= mg.gammarips.com
[Mailgun Debug] FROM  = GammaRips <support@gammarips.com>
[Mailgun Debug] TO    = Hung Dang <dqh56789@gmail.com>
[Mailgun Debug] SUBJ  = The Daily Playbook: Tomorrow’s contracts are ready.
[Mailgun Success] {
  id: '<20251223122956.1d3c15acde119e8f@mg.gammarips.com>',
  message: 'Queued. Thank you.'
}
[Mailgun Debug] DOMAIN= mg.gammarips.com
[Mailgun Debug] FROM  = GammaRips <support@gammarips.com>
[Mailgun Debug] TO    = henry0476@gmail.com <henry0476@gmail.com>
[Mailgun Debug] SUBJ  = The Daily Playbook: Tomorrow’s contracts are ready.
[Mailgun Success] {
  id: '<20251223122956.46c820eb8b635f6c@mg.gammarips.com>',
  message: 'Queued. Thank you.'
}
[Mailgun Debug] DOMAIN= mg.gammarips.com
[Mailgun Debug] FROM  = GammaRips <support@gammarips.com>
[Mailgun Debug] TO    = tranthanhtho.1990@gmail.com <tranthanhtho.1990@gmail.com>
[Mailgun Debug] SUBJ  = The Daily Playbook: Tomorrow’s contracts are ready.
[Mailgun Success] {
  id: '<20251223122956.82cb48c30834b108@mg.gammarips.com>',
  message: 'Queued. Thank you.'
}
[Mailgun Debug] DOMAIN= mg.gammarips.com
[Mailgun Debug] FROM  = GammaRips <support@gammarips.com>
[Mailgun Debug] TO    = Mitch Njoroge <njorogemitch@gmail.com>
[Mailgun Debug] SUBJ  = The Daily Playbook: Tomorrow’s contracts are ready.
[Mailgun Success] {
  id: '<20251223122956.173c5566bd2a8180@mg.gammarips.com>',
  message: 'Queued. Thank you.'
}
[Mailgun Debug] DOMAIN= mg.gammarips.com
[Mailgun Debug] FROM  = GammaRips <support@gammarips.com>
[Mailgun Debug] TO    = josephbaroody@hotmail.com <josephbaroody@hotmail.com>
[Mailgun Debug] SUBJ  = The Daily Playbook: Tomorrow’s contracts are ready.
[Mailgun Success] {
  id: '<20251223122957.ca7969669f8e6e5f@mg.gammarips.com>',
  message: 'Queued. Thank you.'
}
[Mailgun Debug] DOMAIN= mg.gammarips.com
[Mailgun Debug] FROM  = GammaRips <support@gammarips.com>
[Mailgun Debug] TO    = aylinosorto05@outlook.com <aylinosorto05@outlook.com>
[Mailgun Debug] SUBJ  = The Daily Playbook: Tomorrow’s contracts are ready.
[Mailgun Success] {
  id: '<20251223122957.bcea3dd404ab01aa@mg.gammarips.com>',
  message: 'Queued. Thank you.'
}
[Mailgun Debug] DOMAIN= mg.gammarips.com
[Mailgun Debug] FROM  = GammaRips <support@gammarips.com>
[Mailgun Debug] TO    = Matthew Jimenez <mattjimenez091@gmail.com>
[Mailgun Debug] SUBJ  = The Daily Playbook: Tomorrow’s contracts are ready.
[Mailgun Success] {
  id: '<20251223122957.28e2ccaf914aa459@mg.gammarips.com>',
  message: 'Queued. Thank you.'
}
[Mailgun Debug] DOMAIN= mg.gammarips.com
[Mailgun Debug] FROM  = GammaRips <support@gammarips.com>
[Mailgun Debug] TO    = Gins Fils-aime <filsaimegins07@gmail.com>
[Mailgun Debug] SUBJ  = The Daily Playbook: Tomorrow’s contracts are ready.
[Mailgun Success] {
  id: '<20251223122957.278e012586eb3185@mg.gammarips.com>',
  message: 'Queued. Thank you.'
}
[Mailgun Debug] DOMAIN= mg.gammarips.com
[Mailgun Debug] FROM  = GammaRips <support@gammarips.com>
[Mailgun Debug] TO    = Sujit. Saha <sujit.universe369@gmail.com>
[Mailgun Debug] SUBJ  = The Daily Playbook: Tomorrow’s contracts are ready.
[Mailgun Success] {
  id: '<20251223122957.2bdaedabe652259f@mg.gammarips.com>',
  message: 'Queued. Thank you.'
}
[Mailgun Debug] DOMAIN= mg.gammarips.com
[Mailgun Debug] FROM  = GammaRips <support@gammarips.com>
[Mailgun Debug] TO    = lerisaswink1986@gmail.com <lerisaswink1986@gmail.com>
[Mailgun Debug] SUBJ  = The Daily Playbook: Tomorrow’s contracts are ready.
[Mailgun Success] {
  id: '<20251223122957.0b47f0180fefe244@mg.gammarips.com>',
  message: 'Queued. Thank you.'
}
[Mailgun Debug] DOMAIN= mg.gammarips.com
[Mailgun Debug] FROM  = GammaRips <support@gammarips.com>
[Mailgun Debug] TO    = test34@gmail.com <test34@gmail.com>
[Mailgun Debug] SUBJ  = The Daily Playbook: Tomorrow’s contracts are ready.
[Mailgun Success] {
  id: '<20251223122957.60aa2aa62277bf87@mg.gammarips.com>',
  message: 'Queued. Thank you.'
}
[Mailgun Debug] DOMAIN= mg.gammarips.com
[Mailgun Debug] FROM  = GammaRips <support@gammarips.com>
[Mailgun Debug] TO    = Bobby Brown <bobbybrownblack22@gmail.com>
[Mailgun Debug] SUBJ  = The Daily Playbook: Tomorrow’s contracts are ready.
[Mailgun Success] {
  id: '<20251223122957.14d9fe4448f242b8@mg.gammarips.com>',
  message: 'Queued. Thank you.'
}
[Mailgun Debug] DOMAIN= mg.gammarips.com
[Mailgun Debug] FROM  = GammaRips <support@gammarips.com>
[Mailgun Debug] TO    = keylen12sayles@icloud.com <keylen12sayles@icloud.com>
[Mailgun Debug] SUBJ  = The Daily Playbook: Tomorrow’s contracts are ready.
[Mailgun Success] {
  id: '<20251223122958.a46f9035d06cccff@mg.gammarips.com>',
  message: 'Queued. Thank you.'
}
[Mailgun Debug] DOMAIN= mg.gammarips.com
[Mailgun Debug] FROM  = GammaRips <support@gammarips.com>
[Mailgun Debug] TO    = Daniel Hornak <hornakdaniel5@gmail.com>
[Mailgun Debug] SUBJ  = The Daily Playbook: Tomorrow’s contracts are ready.
[Mailgun Success] {
  id: '<20251223122958.7e297efbe3335053@mg.gammarips.com>',
  message: 'Queued. Thank you.'
}
[Mailgun Debug] DOMAIN= mg.gammarips.com
[Mailgun Debug] FROM  = GammaRips <support@gammarips.com>
[Mailgun Debug] TO    = Chisimdiri Egbo <chisimdiriegbo0@gmail.com>
[Mailgun Debug] SUBJ  = The Daily Playbook: Tomorrow’s contracts are ready.
[Mailgun Success] {
  id: '<20251223122958.0717d7a98f6ae8e4@mg.gammarips.com>',
  message: 'Queued. Thank you.'
}
[Mailgun Debug] DOMAIN= mg.gammarips.com
[Mailgun Debug] FROM  = GammaRips <support@gammarips.com>
[Mailgun Debug] TO    = renza.laksono@gmail.com <renza.laksono@gmail.com>
[Mailgun Debug] SUBJ  = The Daily Playbook: Tomorrow’s contracts are ready.
[Mailgun Success] {
  id: '<20251223122958.08c3696d315bb732@mg.gammarips.com>',
  message: 'Queued. Thank you.'
}
[Mailgun Debug] DOMAIN= mg.gammarips.com
[Mailgun Debug] FROM  = GammaRips <support@gammarips.com>
[Mailgun Debug] TO    = Aneel Irfan <irfan.aneel@gmail.com>
[Mailgun Debug] SUBJ  = The Daily Playbook: Tomorrow’s contracts are ready.
[Mailgun Success] {
  id: '<20251223122958.d3690c4627b362e7@mg.gammarips.com>',
  message: 'Queued. Thank you.'
}
[Mailgun Debug] DOMAIN= mg.gammarips.com
[Mailgun Debug] FROM  = GammaRips <support@gammarips.com>
[Mailgun Debug] TO    = Gaming Kerby <kerbygmg@gmail.com>
[Mailgun Debug] SUBJ  = The Daily Playbook: Tomorrow’s contracts are ready.
[Mailgun Success] {
  id: '<20251223122958.c840786c4c4d6c37@mg.gammarips.com>',
  message: 'Queued. Thank you.'
}
[Mailgun Debug] DOMAIN= mg.gammarips.com
[Mailgun Debug] FROM  = GammaRips <support@gammarips.com>
[Mailgun Debug] TO    = syahrul madan <syahrulmadan97@gmail.com>
[Mailgun Debug] SUBJ  = The Daily Playbook: Tomorrow’s contracts are ready.
[Mailgun Success] {
  id: '<20251223122958.b16f9061822bc708@mg.gammarips.com>',
  message: 'Queued. Thank you.'
}
[Mailgun Debug] DOMAIN= mg.gammarips.com
[Mailgun Debug] FROM  = GammaRips <support@gammarips.com>
[Mailgun Debug] TO    = raganlucas@aol.com <raganlucas@aol.com>
[Mailgun Debug] SUBJ  = The Daily Playbook: Tomorrow’s contracts are ready.
[Mailgun Success] {
  id: '<20251223122958.023286c962909758@mg.gammarips.com>',
  message: 'Queued. Thank you.'
}
[Mailgun Debug] DOMAIN= mg.gammarips.com
[Mailgun Debug] FROM  = GammaRips <support@gammarips.com>
[Mailgun Debug] TO    = vivilopez20387@live.com <vivilopez20387@live.com>
[Mailgun Debug] SUBJ  = The Daily Playbook: Tomorrow’s contracts are ready.
[Mailgun Success] {
  id: '<20251223122959.0368ea3e014eaa06@mg.gammarips.com>',
  message: 'Queued. Thank you.'
}
[Mailgun Debug] DOMAIN= mg.gammarips.com
[Mailgun Debug] FROM  = GammaRips <support@gammarips.com>
[Mailgun Debug] TO    = six66 YT <aleksguraleci1@gmail.com>
[Mailgun Debug] SUBJ  = The Daily Playbook: Tomorrow’s contracts are ready.
[Mailgun Success] {
  id: '<20251223122959.2cf0372289b081b2@mg.gammarips.com>',
  message: 'Queued. Thank you.'
}
[Mailgun Debug] DOMAIN= mg.gammarips.com
[Mailgun Debug] FROM  = GammaRips <support@gammarips.com>
[Mailgun Debug] TO    = ali@exsample.com <ali@exsample.com>
[Mailgun Debug] SUBJ  = The Daily Playbook: Tomorrow’s contracts are ready.
[Mailgun Success] {
  id: '<20251223122959.ddc9e2320ea52da7@mg.gammarips.com>',
  message: 'Queued. Thank you.'
}
[Mailgun Debug] DOMAIN= mg.gammarips.com
[Mailgun Debug] FROM  = GammaRips <support@gammarips.com>
[Mailgun Debug] TO    = mgabbygullette@gmail.com <mgabbygullette@gmail.com>
[Mailgun Debug] SUBJ  = The Daily Playbook: Tomorrow’s contracts are ready.
[Mailgun Success] {
  id: '<20251223122959.5febb9ae371ba4aa@mg.gammarips.com>',
  message: 'Queued. Thank you.'
}
[Mailgun Debug] DOMAIN= mg.gammarips.com
[Mailgun Debug] FROM  = GammaRips <support@gammarips.com>
[Mailgun Debug] TO    = Chinmay <88chinmay88@gmail.com>
[Mailgun Debug] SUBJ  = The Daily Playbook: Tomorrow’s contracts are ready.
[Mailgun Success] {
  id: '<20251223122959.2892225f73485644@mg.gammarips.com>',
  message: 'Queued. Thank you.'
}
[Mailgun Debug] DOMAIN= mg.gammarips.com
[Mailgun Debug] FROM  = GammaRips <support@gammarips.com>
[Mailgun Debug] TO    = Jr Getbusy <jrgetbusy006@gmail.com>
[Mailgun Debug] SUBJ  = The Daily Playbook: Tomorrow’s contracts are ready.
[Mailgun Success] {
  id: '<20251223122959.317cedceedb729ac@mg.gammarips.com>',
  message: 'Queued. Thank you.'
}
[Mailgun Debug] DOMAIN= mg.gammarips.com
[Mailgun Debug] FROM  = GammaRips <support@gammarips.com>
[Mailgun Debug] TO    = hariprasad prasad <hariprasadperiya@gmail.com>
[Mailgun Debug] SUBJ  = The Daily Playbook: Tomorrow’s contracts are ready.
[Mailgun Success] {
  id: '<20251223122959.ddb13aefc553c86d@mg.gammarips.com>',
  message: 'Queued. Thank you.'
}
[Mailgun Debug] DOMAIN= mg.gammarips.com
[Mailgun Debug] FROM  = GammaRips <support@gammarips.com>
[Mailgun Debug] TO    = JELLY13KING <reyesmarta725@gmail.com>
[Mailgun Debug] SUBJ  = The Daily Playbook: Tomorrow’s contracts are ready.
[Mailgun Success] {
  id: '<20251223123000.390ab8f50481db13@mg.gammarips.com>',
  message: 'Queued. Thank you.'
}
[Mailgun Debug] DOMAIN= mg.gammarips.com
[Mailgun Debug] FROM  = GammaRips <support@gammarips.com>
[Mailgun Debug] TO    = Kids Gaming <gkids2727@gmail.com>
[Mailgun Debug] SUBJ  = The Daily Playbook: Tomorrow’s contracts are ready.
[Mailgun Success] {
  id: '<20251223123000.ef62581e3e74ba1f@mg.gammarips.com>',
  message: 'Queued. Thank you.'
}
[Mailgun Debug] DOMAIN= mg.gammarips.com
[Mailgun Debug] FROM  = GammaRips <support@gammarips.com>
[Mailgun Debug] TO    = Ryder boss Gaming <ryderboss501@gmail.com>
[Mailgun Debug] SUBJ  = The Daily Playbook: Tomorrow’s contracts are ready.
[Mailgun Success] {
  id: '<20251223123000.11f4f17590918f2a@mg.gammarips.com>',
  message: 'Queued. Thank you.'
}
[Mailgun Debug] DOMAIN= mg.gammarips.com
[Mailgun Debug] FROM  = GammaRips <support@gammarips.com>
[Mailgun Debug] TO    = Mataya Boswell <mataya.boswell@gmail.com>
[Mailgun Debug] SUBJ  = The Daily Playbook: Tomorrow’s contracts are ready.
[Mailgun Success] {
  id: '<20251223123000.b4b8e08976d4adae@mg.gammarips.com>',
  message: 'Queued. Thank you.'
}
[Mailgun Debug] DOMAIN= mg.gammarips.com
[Mailgun Debug] FROM  = GammaRips <support@gammarips.com>
[Mailgun Debug] TO    = Conner <connerchichizola@gmail.com>
[Mailgun Debug] SUBJ  = The Daily Playbook: Tomorrow’s contracts are ready.
[Mailgun Success] {
  id: '<20251223123000.b6553df1a082004c@mg.gammarips.com>',
  message: 'Queued. Thank you.'
}
[Mailgun Debug] DOMAIN= mg.gammarips.com
[Mailgun Debug] FROM  = GammaRips <support@gammarips.com>
[Mailgun Debug] TO    = said antonio <676767676djdjs@gmail.com>
[Mailgun Debug] SUBJ  = The Daily Playbook: Tomorrow’s contracts are ready.
[Mailgun Success] {
  id: '<20251223123000.c03644656962d56b@mg.gammarips.com>',
  message: 'Queued. Thank you.'
}
[Mailgun Debug] DOMAIN= mg.gammarips.com
[Mailgun Debug] FROM  = GammaRips <support@gammarips.com>
[Mailgun Debug] TO    = Harmanpreet Singh <gabrup11@gmail.com>
[Mailgun Debug] SUBJ  = The Daily Playbook: Tomorrow’s contracts are ready.
[Mailgun Success] {
  id: '<20251223123001.63281e5db6df9850@mg.gammarips.com>',
  message: 'Queued. Thank you.'
}
[Mailgun Debug] DOMAIN= mg.gammarips.com
[Mailgun Debug] FROM  = GammaRips <support@gammarips.com>
[Mailgun Debug] TO    = beyourownboss@themoneypeoplega.com <beyourownboss@themoneypeoplega.com>
[Mailgun Debug] SUBJ  = The Daily Playbook: Tomorrow’s contracts are ready.
[Mailgun Success] {
  id: '<20251223123001.4b041891c85e27bb@mg.gammarips.com>',
  message: 'Queued. Thank you.'
}
[Mailgun Debug] DOMAIN= mg.gammarips.com
[Mailgun Debug] FROM  = GammaRips <support@gammarips.com>
[Mailgun Debug] TO    = elijahbmoore276@icloud.com <elijahbmoore276@icloud.com>
[Mailgun Debug] SUBJ  = The Daily Playbook: Tomorrow’s contracts are ready.
[Mailgun Success] {
  id: '<20251223123001.bbdd80b529d6799b@mg.gammarips.com>',
  message: 'Queued. Thank you.'
}
[Mailgun Debug] DOMAIN= mg.gammarips.com
[Mailgun Debug] FROM  = GammaRips <support@gammarips.com>
[Mailgun Debug] TO    = adri62916@gmail.com <adri62916@gmail.com>
[Mailgun Debug] SUBJ  = The Daily Playbook: Tomorrow’s contracts are ready.
[Mailgun Success] {
  id: '<20251223123001.95f2fe258c27194d@mg.gammarips.com>',
  message: 'Queued. Thank you.'
}
[Mailgun Debug] DOMAIN= mg.gammarips.com
[Mailgun Debug] FROM  = GammaRips <support@gammarips.com>
[Mailgun Debug] TO    = erikeliastrejo@gmail.com <erikeliastrejo@gmail.com>
[Mailgun Debug] SUBJ  = The Daily Playbook: Tomorrow’s contracts are ready.
[Mailgun Success] {
  id: '<20251223123001.d66cd14d594d5492@mg.gammarips.com>',
  message: 'Queued. Thank you.'
}
[Mailgun Debug] DOMAIN= mg.gammarips.com
[Mailgun Debug] FROM  = GammaRips <support@gammarips.com>
[Mailgun Debug] TO    = Tevin Linson <tevinlinson70@gmail.com>
[Mailgun Debug] SUBJ  = The Daily Playbook: Tomorrow’s contracts are ready.
[Mailgun Success] {
  id: '<20251223123001.03202ed4b7394f57@mg.gammarips.com>',
  message: 'Queued. Thank you.'
}
[Mailgun Debug] DOMAIN= mg.gammarips.com
[Mailgun Debug] FROM  = GammaRips <support@gammarips.com>
[Mailgun Debug] TO    = shopfinityr@gmail.com <shopfinityr@gmail.com>
[Mailgun Debug] SUBJ  = The Daily Playbook: Tomorrow’s contracts are ready.
[Mailgun Success] {
  id: '<20251223123001.e6acbd7cf83a2b79@mg.gammarips.com>',
  message: 'Queued. Thank you.'
}
[Mailgun Debug] DOMAIN= mg.gammarips.com
[Mailgun Debug] FROM  = GammaRips <support@gammarips.com>
[Mailgun Debug] TO    = blue64aa21@gmail.com <blue64aa21@gmail.com>
[Mailgun Debug] SUBJ  = The Daily Playbook: Tomorrow’s contracts are ready.
[Mailgun Success] {
  id: '<20251223123002.6e2ab4aeae3d890b@mg.gammarips.com>',
  message: 'Queued. Thank you.'
}
[Mailgun Debug] DOMAIN= mg.gammarips.com
[Mailgun Debug] FROM  = GammaRips <support@gammarips.com>
[Mailgun Debug] TO    = Devon Chester <devonchester12@gmail.com>
[Mailgun Debug] SUBJ  = The Daily Playbook: Tomorrow’s contracts are ready.
[Mailgun Success] {
  id: '<20251223123002.26960a4db00adb49@mg.gammarips.com>',
  message: 'Queued. Thank you.'
}
[Mailgun Debug] DOMAIN= mg.gammarips.com
[Mailgun Debug] FROM  = GammaRips <support@gammarips.com>
[Mailgun Debug] TO    = Antonio Tipaz <josetipaz1919@gmail.com>
[Mailgun Debug] SUBJ  = The Daily Playbook: Tomorrow’s contracts are ready.
[Mailgun Success] {
  id: '<20251223123002.c31b76462ed8a998@mg.gammarips.com>',
  message: 'Queued. Thank you.'
}
[Mailgun Debug] DOMAIN= mg.gammarips.com
[Mailgun Debug] FROM  = GammaRips <support@gammarips.com>
[Mailgun Debug] TO    = xidepel216@lovleo.com <xidepel216@lovleo.com>
[Mailgun Debug] SUBJ  = The Daily Playbook: Tomorrow’s contracts are ready.
[Mailgun Success] {
  id: '<20251223123002.2fbcf85536b9d56f@mg.gammarips.com>',
  message: 'Queued. Thank you.'
}
[Mailgun Debug] DOMAIN= mg.gammarips.com
[Mailgun Debug] FROM  = GammaRips <support@gammarips.com>
[Mailgun Debug] TO    = brownniltuqlay@gmail.com <brownniltuqlay@gmail.com>
[Mailgun Debug] SUBJ  = The Daily Playbook: Tomorrow’s contracts are ready.
[Mailgun Success] {
  id: '<20251223123002.589d50ddde9dc427@mg.gammarips.com>',
  message: 'Queued. Thank you.'
}
[Mailgun Debug] DOMAIN= mg.gammarips.com
[Mailgun Debug] FROM  = GammaRips <support@gammarips.com>
[Mailgun Debug] TO    = Austin Moore <austinbm201525@gmail.com>
[Mailgun Debug] SUBJ  = The Daily Playbook: Tomorrow’s contracts are ready.
[Mailgun Success] {
  id: '<20251223123002.15a0b0e9de47797b@mg.gammarips.com>',
  message: 'Queued. Thank you.'
}
[Mailgun Debug] DOMAIN= mg.gammarips.com
[Mailgun Debug] FROM  = GammaRips <support@gammarips.com>
[Mailgun Debug] TO    = billymad79@gmail.com <billymad79@gmail.com>
[Mailgun Debug] SUBJ  = The Daily Playbook: Tomorrow’s contracts are ready.
[Mailgun Success] {
  id: '<20251223123003.b83c317debcb2496@mg.gammarips.com>',
  message: 'Queued. Thank you.'
}
[Mailgun Debug] DOMAIN= mg.gammarips.com
[Mailgun Debug] FROM  = GammaRips <support@gammarips.com>
[Mailgun Debug] TO    = Aiden Rench <renchaiden716@gmail.com>
[Mailgun Debug] SUBJ  = The Daily Playbook: Tomorrow’s contracts are ready.
[Mailgun Success] {
  id: '<20251223123003.afb7f1ab2d009da4@mg.gammarips.com>',
  message: 'Queued. Thank you.'
}
[Mailgun Debug] DOMAIN= mg.gammarips.com
[Mailgun Debug] FROM  = GammaRips <support@gammarips.com>
[Mailgun Debug] TO    = marketinginves@themoneypeoplega.com <marketinginves@themoneypeoplega.com>
[Mailgun Debug] SUBJ  = The Daily Playbook: Tomorrow’s contracts are ready.
[Mailgun Success] {
  id: '<20251223123003.70252d4bebd07c5a@mg.gammarips.com>',
  message: 'Queued. Thank you.'
}
[Mailgun Debug] DOMAIN= mg.gammarips.com
[Mailgun Debug] FROM  = GammaRips <support@gammarips.com>
[Mailgun Debug] TO    = Great God <grtgod.info@gmail.com>
[Mailgun Debug] SUBJ  = The Daily Playbook: Tomorrow’s contracts are ready.
[Mailgun Success] {
  id: '<20251223123003.52b448b7583279f4@mg.gammarips.com>',
  message: 'Queued. Thank you.'
}
[Mailgun Debug] DOMAIN= mg.gammarips.com
[Mailgun Debug] FROM  = GammaRips <support@gammarips.com>
[Mailgun Debug] TO    = Carlos Santos <prchsantos@gmail.com>
[Mailgun Debug] SUBJ  = The Daily Playbook: Tomorrow’s contracts are ready.
[Mailgun Success] {
  id: '<20251223123003.1a71eb16380b5666@mg.gammarips.com>',
  message: 'Queued. Thank you.'
}
[Mailgun Debug] DOMAIN= mg.gammarips.com
[Mailgun Debug] FROM  = GammaRips <support@gammarips.com>
[Mailgun Debug] TO    = Vesha Hawwk <vmhawwk@gmail.com>
[Mailgun Debug] SUBJ  = The Daily Playbook: Tomorrow’s contracts are ready.
[Mailgun Success] {
  id: '<20251223123003.cc2914cfbbb97544@mg.gammarips.com>',
  message: 'Queued. Thank you.'
}
[Mailgun Debug] DOMAIN= mg.gammarips.com
[Mailgun Debug] FROM  = GammaRips <support@gammarips.com>
[Mailgun Debug] TO    = aktaclark@gmail.com <aktaclark@gmail.com>
[Mailgun Debug] SUBJ  = The Daily Playbook: Tomorrow’s contracts are ready.
[Mailgun Success] {
  id: '<20251223123003.5738d341dce33347@mg.gammarips.com>',
  message: 'Queued. Thank you.'
}
[Mailgun Debug] DOMAIN= mg.gammarips.com
[Mailgun Debug] FROM  = GammaRips <support@gammarips.com>
[Mailgun Debug] TO    = ADVOCATE IRFAN Hyder <adv.irfanhyder@gmail.com>
[Mailgun Debug] SUBJ  = The Daily Playbook: Tomorrow’s contracts are ready.
[Mailgun Success] {
  id: '<20251223123003.552e02d459a24e63@mg.gammarips.com>',
  message: 'Queued. Thank you.'
}
[Mailgun Debug] DOMAIN= mg.gammarips.com
[Mailgun Debug] FROM  = GammaRips <support@gammarips.com>
[Mailgun Debug] TO    = m@exa.men <m@exa.men>
[Mailgun Debug] SUBJ  = The Daily Playbook: Tomorrow’s contracts are ready.
[Mailgun Success] {
  id: '<20251223123004.ad44f5e5b24ca7eb@mg.gammarips.com>',
  message: 'Queued. Thank you.'
}
[Mailgun Debug] DOMAIN= mg.gammarips.com
[Mailgun Debug] FROM  = GammaRips <support@gammarips.com>
[Mailgun Debug] TO    = L2 Jerk <jerk5636@gmail.com>
[Mailgun Debug] SUBJ  = The Daily Playbook: Tomorrow’s contracts are ready.
[Mailgun Success] {
  id: '<20251223123004.1e35eb1744996bb1@mg.gammarips.com>',
  message: 'Queued. Thank you.'
}
[Mailgun Debug] DOMAIN= mg.gammarips.com
[Mailgun Debug] FROM  = GammaRips <support@gammarips.com>
[Mailgun Debug] TO    = lberzaymargarita@gmail.com <lberzaymargarita@gmail.com>
[Mailgun Debug] SUBJ  = The Daily Playbook: Tomorrow’s contracts are ready.
[Mailgun Success] {
  id: '<20251223123004.834c6a806bc12bd7@mg.gammarips.com>',
  message: 'Queued. Thank you.'
}
[Mailgun Debug] DOMAIN= mg.gammarips.com
[Mailgun Debug] FROM  = GammaRips <support@gammarips.com>
[Mailgun Debug] TO    = kittukittuch143@gmail.com <kittukittuch143@gmail.com>
[Mailgun Debug] SUBJ  = The Daily Playbook: Tomorrow’s contracts are ready.
[Mailgun Success] {
  id: '<20251223123004.ba58448e5ce58091@mg.gammarips.com>',
  message: 'Queued. Thank you.'
}
[Mailgun Debug] DOMAIN= mg.gammarips.com
[Mailgun Debug] FROM  = GammaRips <support@gammarips.com>
[Mailgun Debug] TO    = admin@profitscout.app <admin@profitscout.app>
[Mailgun Debug] SUBJ  = The Daily Playbook: Tomorrow’s contracts are ready.
[Mailgun Success] {
  id: '<20251223123004.b836e767eece6093@mg.gammarips.com>',
  message: 'Queued. Thank you.'
}
[Mailgun Debug] DOMAIN= mg.gammarips.com
[Mailgun Debug] FROM  = GammaRips <support@gammarips.com>
[Mailgun Debug] TO    = Zak <zakthebroski@gmail.com>
[Mailgun Debug] SUBJ  = The Daily Playbook: Tomorrow’s contracts are ready.
[Mailgun Success] {
  id: '<20251223123004.5ffbe813d30d23d3@mg.gammarips.com>',
  message: 'Queued. Thank you.'
}
[Mailgun Debug] DOMAIN= mg.gammarips.com
[Mailgun Debug] FROM  = GammaRips <support@gammarips.com>
[Mailgun Debug] TO    = nellybestars5@gmail.com <nellybestars5@gmail.com>
[Mailgun Debug] SUBJ  = The Daily Playbook: Tomorrow’s contracts are ready.
[Mailgun Success] {
  id: '<20251223123004.f8e5e97fa553d82f@mg.gammarips.com>',
  message: 'Queued. Thank you.'
}
[Mailgun Debug] DOMAIN= mg.gammarips.com
[Mailgun Debug] FROM  = GammaRips <support@gammarips.com>
[Mailgun Debug] TO    = binancec913@gmail.com <binancec913@gmail.com>
[Mailgun Debug] SUBJ  = The Daily Playbook: Tomorrow’s contracts are ready.
[Mailgun Success] {
  id: '<20251223123005.d99d80bb0c8cd556@mg.gammarips.com>',
  message: 'Queued. Thank you.'
}
[Mailgun Debug] DOMAIN= mg.gammarips.com
[Mailgun Debug] FROM  = GammaRips <support@gammarips.com>
[Mailgun Debug] TO    = Hafes Gardner <warmlygoods@gmail.com>
[Mailgun Debug] SUBJ  = The Daily Playbook: Tomorrow’s contracts are ready.
[Mailgun Success] {
  id: '<20251223123005.4e70533cee9cf9ce@mg.gammarips.com>',
  message: 'Queued. Thank you.'
}
[Mailgun Debug] DOMAIN= mg.gammarips.com
[Mailgun Debug] FROM  = GammaRips <support@gammarips.com>
[Mailgun Debug] TO    = test12345@gmail.com <test12345@gmail.com>
[Mailgun Debug] SUBJ  = The Daily Playbook: Tomorrow’s contracts are ready.
[Mailgun Success] {
  id: '<20251223123005.30a61dac8e37bd20@mg.gammarips.com>',
  message: 'Queued. Thank you.'
}
[Mailgun Debug] DOMAIN= mg.gammarips.com
[Mailgun Debug] FROM  = GammaRips <support@gammarips.com>
[Mailgun Debug] TO    = streeter_heather@yahoo.com <streeter_heather@yahoo.com>
[Mailgun Debug] SUBJ  = The Daily Playbook: Tomorrow’s contracts are ready.
[Mailgun Success] {
  id: '<20251223123005.c39376e03170e29f@mg.gammarips.com>',
  message: 'Queued. Thank you.'
}
[Mailgun Debug] DOMAIN= mg.gammarips.com
[Mailgun Debug] FROM  = GammaRips <support@gammarips.com>
[Mailgun Debug] TO    = Martina Baljak <martinabaljak1@gmail.com>
[Mailgun Debug] SUBJ  = The Daily Playbook: Tomorrow’s contracts are ready.
[Mailgun Success] {
  id: '<20251223123005.85b461bdbd592267@mg.gammarips.com>',
  message: 'Queued. Thank you.'
}
[Mailgun Debug] DOMAIN= mg.gammarips.com
[Mailgun Debug] FROM  = GammaRips <support@gammarips.com>
[Mailgun Debug] TO    = vanzandt@keemail.me <vanzandt@keemail.me>
[Mailgun Debug] SUBJ  = The Daily Playbook: Tomorrow’s contracts are ready.
[Mailgun Success] {
  id: '<20251223123005.3fadbf100d2dd89f@mg.gammarips.com>',
  message: 'Queued. Thank you.'
}
[Mailgun Debug] DOMAIN= mg.gammarips.com
[Mailgun Debug] FROM  = GammaRips <support@gammarips.com>
[Mailgun Debug] TO    = test0316@gmail.com <test0316@gmail.com>
[Mailgun Debug] SUBJ  = The Daily Playbook: Tomorrow’s contracts are ready.
[Mailgun Success] {
  id: '<20251223123005.b19a82257db07625@mg.gammarips.com>',
  message: 'Queued. Thank you.'
}
[Mailgun Debug] DOMAIN= mg.gammarips.com
[Mailgun Debug] FROM  = GammaRips <support@gammarips.com>
[Mailgun Debug] TO    = Sankalp Chaturvedi <vvsankalp@gmail.com>
[Mailgun Debug] SUBJ  = The Daily Playbook: Tomorrow’s contracts are ready.
[Mailgun Success] {
  id: '<20251223123006.784aa7a96fec623b@mg.gammarips.com>',
  message: 'Queued. Thank you.'
}
[Mailgun Debug] DOMAIN= mg.gammarips.com
[Mailgun Debug] FROM  = GammaRips <support@gammarips.com>
[Mailgun Debug] TO    = rmaria2629@gmail.com <rmaria2629@gmail.com>
[Mailgun Debug] SUBJ  = The Daily Playbook: Tomorrow’s contracts are ready.
[Mailgun Success] {
  id: '<20251223123006.a7d3142ef248ff3c@mg.gammarips.com>',
  message: 'Queued. Thank you.'
}
[Mailgun Debug] DOMAIN= mg.gammarips.com
[Mailgun Debug] FROM  = GammaRips <support@gammarips.com>
[Mailgun Debug] TO    = kaden_kooi@camanche.k12.ia.us <kaden_kooi@camanche.k12.ia.us>
[Mailgun Debug] SUBJ  = The Daily Playbook: Tomorrow’s contracts are ready.
[Mailgun Success] {
  id: '<20251223123006.11d18409b25277ee@mg.gammarips.com>',
  message: 'Queued. Thank you.'
}
[Mailgun Debug] DOMAIN= mg.gammarips.com
[Mailgun Debug] FROM  = GammaRips <support@gammarips.com>
[Mailgun Debug] TO    = test1234@gmail.com <test1234@gmail.com>
[Mailgun Debug] SUBJ  = The Daily Playbook: Tomorrow’s contracts are ready.
[Mailgun Success] {
  id: '<20251223123006.0382b11edf3e6eb6@mg.gammarips.com>',
  message: 'Queued. Thank you.'
}
[Mailgun Debug] DOMAIN= mg.gammarips.com
[Mailgun Debug] FROM  = GammaRips <support@gammarips.com>
[Mailgun Debug] TO    = Arulmurugan C <dr.arulc@gmail.com>
[Mailgun Debug] SUBJ  = The Daily Playbook: Tomorrow’s contracts are ready.
[Mailgun Success] {
  id: '<20251223123006.1d0b849bb6e99007@mg.gammarips.com>',
  message: 'Queued. Thank you.'
}
[Mailgun Debug] DOMAIN= mg.gammarips.com
[Mailgun Debug] FROM  = GammaRips <support@gammarips.com>
[Mailgun Debug] TO    = soukhy935@gmail.com <soukhy935@gmail.com>
[Mailgun Debug] SUBJ  = The Daily Playbook: Tomorrow’s contracts are ready.
[Mailgun Success] {
  id: '<20251223123006.085619739fef4ca2@mg.gammarips.com>',
  message: 'Queued. Thank you.'
}
[Mailgun Debug] DOMAIN= mg.gammarips.com
[Mailgun Debug] FROM  = GammaRips <support@gammarips.com>
[Mailgun Debug] TO    = braylenvanoven267@gmail.com <braylenvanoven267@gmail.com>
[Mailgun Debug] SUBJ  = The Daily Playbook: Tomorrow’s contracts are ready.
[Mailgun Success] {
  id: '<20251223123006.2bc8cb763824a1b7@mg.gammarips.com>',
  message: 'Queued. Thank you.'
}
[Mailgun Debug] DOMAIN= mg.gammarips.com
[Mailgun Debug] FROM  = GammaRips <support@gammarips.com>
[Mailgun Debug] TO    = ednastjean55@gmail.com <ednastjean55@gmail.com>
[Mailgun Debug] SUBJ  = The Daily Playbook: Tomorrow’s contracts are ready.
[Mailgun Success] {
  id: '<20251223123007.526045c3fc3eab9a@mg.gammarips.com>',
  message: 'Queued. Thank you.'
}
[Mailgun Debug] DOMAIN= mg.gammarips.com
[Mailgun Debug] FROM  = GammaRips <support@gammarips.com>
[Mailgun Debug] TO    = George Strait <gs9286401@gmail.com>
[Mailgun Debug] SUBJ  = The Daily Playbook: Tomorrow’s contracts are ready.
[Mailgun Success] {
  id: '<20251223123007.eadb67120c0bd067@mg.gammarips.com>',
  message: 'Queued. Thank you.'
}
[Mailgun Debug] DOMAIN= mg.gammarips.com
[Mailgun Debug] FROM  = GammaRips <support@gammarips.com>
[Mailgun Debug] TO    = Kent Perry <ihy.lost2@gmail.com>
[Mailgun Debug] SUBJ  = The Daily Playbook: Tomorrow’s contracts are ready.
[Mailgun Success] {
  id: '<20251223123007.b399dbebf6513d54@mg.gammarips.com>',
  message: 'Queued. Thank you.'
}
[Mailgun Debug] DOMAIN= mg.gammarips.com
[Mailgun Debug] FROM  = GammaRips <support@gammarips.com>
[Mailgun Debug] TO    = admin@profitscout.app <admin@profitscout.app>
[Mailgun Debug] SUBJ  = The Daily Playbook: Tomorrow’s contracts are ready.
[Mailgun Success] {
  id: '<20251223123007.5102ecc6531300e3@mg.gammarips.com>',
  message: 'Queued. Thank you.'
}
[Mailgun Debug] DOMAIN= mg.gammarips.com
[Mailgun Debug] FROM  = GammaRips <support@gammarips.com>
[Mailgun Debug] TO    = Kameron Poole <itsrealkillakam08@gmail.com>
[Mailgun Debug] SUBJ  = The Daily Playbook: Tomorrow’s contracts are ready.
[Mailgun Success] {
  id: '<20251223123007.bb2cec9aa661302f@mg.gammarips.com>',
  message: 'Queued. Thank you.'
}
[Mailgun Debug] DOMAIN= mg.gammarips.com
[Mailgun Debug] FROM  = GammaRips <support@gammarips.com>
[Mailgun Debug] TO    = Nathan Mendez <nathanmendez014@gmail.com>
[Mailgun Debug] SUBJ  = The Daily Playbook: Tomorrow’s contracts are ready.
[Mailgun Success] {
  id: '<20251223123007.ffb907556f7e7956@mg.gammarips.com>',
  message: 'Queued. Thank you.'
}
[Mailgun Debug] DOMAIN= mg.gammarips.com
[Mailgun Debug] FROM  = GammaRips <support@gammarips.com>
[Mailgun Debug] TO    = Fgg Sfd <domeme0706@gmail.com>
[Mailgun Debug] SUBJ  = The Daily Playbook: Tomorrow’s contracts are ready.
[Mailgun Success] {
  id: '<20251223123007.4accb7744481990b@mg.gammarips.com>',
  message: 'Queued. Thank you.'
}
[Mailgun Debug] DOMAIN= mg.gammarips.com
[Mailgun Debug] FROM  = GammaRips <support@gammarips.com>
[Mailgun Debug] TO    = laylaballeza@gmail.com <laylaballeza@gmail.com>
[Mailgun Debug] SUBJ  = The Daily Playbook: Tomorrow’s contracts are ready.
[Mailgun Success] {
  id: '<20251223123008.1a9905608d4a1fb0@mg.gammarips.com>',
  message: 'Queued. Thank you.'
}
[Mailgun Debug] DOMAIN= mg.gammarips.com
[Mailgun Debug] FROM  = GammaRips <support@gammarips.com>
[Mailgun Debug] TO    = atheefatheef888@gmail.com <atheefatheef888@gmail.com>
[Mailgun Debug] SUBJ  = The Daily Playbook: Tomorrow’s contracts are ready.
[Mailgun Success] {
  id: '<20251223123008.356f6315cdf3c548@mg.gammarips.com>',
  message: 'Queued. Thank you.'
}
[Mailgun Debug] DOMAIN= mg.gammarips.com
[Mailgun Debug] FROM  = GammaRips <support@gammarips.com>
[Mailgun Debug] TO    = jimbo5598@gmail.com <jimbo5598@gmail.com>
[Mailgun Debug] SUBJ  = The Daily Playbook: Tomorrow’s contracts are ready.
[Mailgun Success] {
  id: '<20251223123008.88474b87930eef44@mg.gammarips.com>',
  message: 'Queued. Thank you.'
}
[Mailgun Debug] DOMAIN= mg.gammarips.com
[Mailgun Debug] FROM  = GammaRips <support@gammarips.com>
[Mailgun Debug] TO    = trentonclay12@icloud.com <trentonclay12@icloud.com>
[Mailgun Debug] SUBJ  = The Daily Playbook: Tomorrow’s contracts are ready.
[Mailgun Success] {
  id: '<20251223123008.01f45b1b85ee71e3@mg.gammarips.com>',
  message: 'Queued. Thank you.'
}
[Mailgun Debug] DOMAIN= mg.gammarips.com
[Mailgun Debug] FROM  = GammaRips <support@gammarips.com>
[Mailgun Debug] TO    = Devin Garrett <devingarrett2013@gmail.com>
[Mailgun Debug] SUBJ  = The Daily Playbook: Tomorrow’s contracts are ready.
[Mailgun Success] {
  id: '<20251223123008.7efabfa423498cbb@mg.gammarips.com>',
  message: 'Queued. Thank you.'
}
[Mailgun Debug] DOMAIN= mg.gammarips.com
[Mailgun Debug] FROM  = GammaRips <support@gammarips.com>
[Mailgun Debug] TO    = portillodamiangael@gmail.com <portillodamiangael@gmail.com>
[Mailgun Debug] SUBJ  = The Daily Playbook: Tomorrow’s contracts are ready.
[Mailgun Success] {
  id: '<20251223123008.146a7b985195c336@mg.gammarips.com>',
  message: 'Queued. Thank you.'
}
[Mailgun Debug] DOMAIN= mg.gammarips.com
[Mailgun Debug] FROM  = GammaRips <support@gammarips.com>
[Mailgun Debug] TO    = Neil Patel <npsoftware1000@gmail.com>
[Mailgun Debug] SUBJ  = The Daily Playbook: Tomorrow’s contracts are ready.
[Mailgun Success] {
  id: '<20251223123008.06572d2d03ef498e@mg.gammarips.com>',
  message: 'Queued. Thank you.'
}
[Mailgun Debug] DOMAIN= mg.gammarips.com
[Mailgun Debug] FROM  = GammaRips <support@gammarips.com>
[Mailgun Debug] TO    = nlarj17@gmail.com <nlarj17@gmail.com>
[Mailgun Debug] SUBJ  = The Daily Playbook: Tomorrow’s contracts are ready.
[Mailgun Success] {
  id: '<20251223123009.df373dca93b15484@mg.gammarips.com>',
  message: 'Queued. Thank you.'
}
[Mailgun Debug] DOMAIN= mg.gammarips.com
[Mailgun Debug] FROM  = GammaRips <support@gammarips.com>
[Mailgun Debug] TO    = sang2222222@naver.com <sang2222222@naver.com>
[Mailgun Debug] SUBJ  = The Daily Playbook: Tomorrow’s contracts are ready.
[Mailgun Success] {
  id: '<20251223123009.8b3d1a2edd28ac5d@mg.gammarips.com>',
  message: 'Queued. Thank you.'
}
[Mailgun Debug] DOMAIN= mg.gammarips.com
[Mailgun Debug] FROM  = GammaRips <support@gammarips.com>
[Mailgun Debug] TO    = Nicholas Hooker <nicholaschancehooker@gmail.com>
[Mailgun Debug] SUBJ  = The Daily Playbook: Tomorrow’s contracts are ready.
[Mailgun Success] {
  id: '<20251223123009.e88038b4ba1f6963@mg.gammarips.com>',
  message: 'Queued. Thank you.'
}
[Mailgun Debug] DOMAIN= mg.gammarips.com
[Mailgun Debug] FROM  = GammaRips <support@gammarips.com>
[Mailgun Debug] TO    = Taiwan Chef Congrat <taiwanchefcongrat@gmail.com>
[Mailgun Debug] SUBJ  = The Daily Playbook: Tomorrow’s contracts are ready.
[Mailgun Success] {
  id: '<20251223123009.cea95c08236ddadb@mg.gammarips.com>',
  message: 'Queued. Thank you.'
}
[Mailgun Debug] DOMAIN= mg.gammarips.com
[Mailgun Debug] FROM  = GammaRips <support@gammarips.com>
[Mailgun Debug] TO    = maliksamar422@gmail.com <maliksamar422@gmail.com>
[Mailgun Debug] SUBJ  = The Daily Playbook: Tomorrow’s contracts are ready.
[Mailgun Success] {
  id: '<20251223123009.ae14d314c6b7d2bf@mg.gammarips.com>',
  message: 'Queued. Thank you.'
}
[Mailgun Debug] DOMAIN= mg.gammarips.com
[Mailgun Debug] FROM  = GammaRips <support@gammarips.com>
[Mailgun Debug] TO    = I I <isaacike824@gmail.com>
[Mailgun Debug] SUBJ  = The Daily Playbook: Tomorrow’s contracts are ready.
[Mailgun Success] {
  id: '<20251223123009.a9088b95778189f4@mg.gammarips.com>',
  message: 'Queued. Thank you.'
}
[Mailgun Debug] DOMAIN= mg.gammarips.com
[Mailgun Debug] FROM  = GammaRips <support@gammarips.com>
[Mailgun Debug] TO    = Hafes Gardner <gardnerhafes63@gmail.com>
[Mailgun Debug] SUBJ  = The Daily Playbook: Tomorrow’s contracts are ready.
[Mailgun Success] {
  id: '<20251223123009.a9f19983a0a3c047@mg.gammarips.com>',
  message: 'Queued. Thank you.'
}
[Mailgun Debug] DOMAIN= mg.gammarips.com
[Mailgun Debug] FROM  = GammaRips <support@gammarips.com>
[Mailgun Debug] TO    = Duke Okafor <dukeokafor18@gmail.com>
[Mailgun Debug] SUBJ  = The Daily Playbook: Tomorrow’s contracts are ready.
[Mailgun Success] {
  id: '<20251223123009.6167274aa36ace91@mg.gammarips.com>',
  message: 'Queued. Thank you.'
}
[Mailgun Debug] DOMAIN= mg.gammarips.com
[Mailgun Debug] FROM  = GammaRips <support@gammarips.com>
[Mailgun Debug] TO    = Carlos Peralta <carlos.peralta.gustavo@gmail.com>
[Mailgun Debug] SUBJ  = The Daily Playbook: Tomorrow’s contracts are ready.
[Mailgun Success] {
  id: '<20251223123010.e53b038512be3414@mg.gammarips.com>',
  message: 'Queued. Thank you.'
}
[Mailgun Debug] DOMAIN= mg.gammarips.com
[Mailgun Debug] FROM  = GammaRips <support@gammarips.com>
[Mailgun Debug] TO    = Evan Parra <admin@evanparra.ai>
[Mailgun Debug] SUBJ  = The Daily Playbook: Tomorrow’s contracts are ready.
[Mailgun Success] {
  id: '<20251223123010.74a3921efd8a1424@mg.gammarips.com>',
  message: 'Queued. Thank you.'
}
[Mailgun Debug] DOMAIN= mg.gammarips.com
[Mailgun Debug] FROM  = GammaRips <support@gammarips.com>
[Mailgun Debug] TO    = Ra Ki <rrk736@gmail.com>
[Mailgun Debug] SUBJ  = The Daily Playbook: Tomorrow’s contracts are ready.
[Mailgun Success] {
  id: '<20251223123010.2719e0fbde48fa02@mg.gammarips.com>',
  message: 'Queued. Thank you.'
}
[Mailgun Debug] DOMAIN= mg.gammarips.com
[Mailgun Debug] FROM  = GammaRips <support@gammarips.com>
[Mailgun Debug] TO    = chanel davis <chaneld022@gmail.com>
[Mailgun Debug] SUBJ  = The Daily Playbook: Tomorrow’s contracts are ready.
[Mailgun Success] {
  id: '<20251223123010.a7a5f2361582390f@mg.gammarips.com>',
  message: 'Queued. Thank you.'
}
[Mailgun Debug] DOMAIN= mg.gammarips.com
[Mailgun Debug] FROM  = GammaRips <support@gammarips.com>
[Mailgun Debug] TO    = Christian Rojas <cvr7usa@gmail.com>
[Mailgun Debug] SUBJ  = The Daily Playbook: Tomorrow’s contracts are ready.
[Mailgun Success] {
  id: '<20251223123010.4422d4fe5f567c93@mg.gammarips.com>',
  message: 'Queued. Thank you.'
}
[Mailgun Debug] DOMAIN= mg.gammarips.com
[Mailgun Debug] FROM  = GammaRips <support@gammarips.com>
[Mailgun Debug] TO    = robert kirui <robertkirui79@gmail.com>
[Mailgun Debug] SUBJ  = The Daily Playbook: Tomorrow’s contracts are ready.
[Mailgun Success] {
  id: '<20251223123010.80b6b1389ab18a26@mg.gammarips.com>',
  message: 'Queued. Thank you.'
}
[Mailgun Debug] DOMAIN= mg.gammarips.com
[Mailgun Debug] FROM  = GammaRips <support@gammarips.com>
[Mailgun Debug] TO    = marvin lopez <marvinsrtlopez.24@gmail.com>
[Mailgun Debug] SUBJ  = The Daily Playbook: Tomorrow’s contracts are ready.
[Mailgun Success] {
  id: '<20251223123011.a3481ea3dbd5212e@mg.gammarips.com>',
  message: 'Queued. Thank you.'
}
[Mailgun Debug] DOMAIN= mg.gammarips.com
[Mailgun Debug] FROM  = GammaRips <support@gammarips.com>
[Mailgun Debug] TO    = rh7166574@gmail.com <rh7166574@gmail.com>
[Mailgun Debug] SUBJ  = The Daily Playbook: Tomorrow’s contracts are ready.
[Mailgun Success] {
  id: '<20251223123011.174ce8b515ba0de7@mg.gammarips.com>',
  message: 'Queued. Thank you.'
}
[Mailgun Debug] DOMAIN= mg.gammarips.com
[Mailgun Debug] FROM  = GammaRips <support@gammarips.com>
[Mailgun Debug] TO    = stanley_okafor_jesus@yahoo.co.uk <stanley_okafor_jesus@yahoo.co.uk>
[Mailgun Debug] SUBJ  = The Daily Playbook: Tomorrow’s contracts are ready.
[Mailgun Success] {
  id: '<20251223123011.178e3293bad5fd50@mg.gammarips.com>',
  message: 'Queued. Thank you.'
}
[Mailgun Debug] DOMAIN= mg.gammarips.com
[Mailgun Debug] FROM  = GammaRips <support@gammarips.com>
[Mailgun Debug] TO    = Alex Rubio <alexrubio973@gmail.com>
[Mailgun Debug] SUBJ  = The Daily Playbook: Tomorrow’s contracts are ready.
[Mailgun Success] {
  id: '<20251223123011.71bd37308aa875cd@mg.gammarips.com>',
  message: 'Queued. Thank you.'
}
[Mailgun Debug] DOMAIN= mg.gammarips.com
[Mailgun Debug] FROM  = GammaRips <support@gammarips.com>
[Mailgun Debug] TO    = Jose <jose.reyez13@gmail.com>
[Mailgun Debug] SUBJ  = The Daily Playbook: Tomorrow’s contracts are ready.
[Mailgun Success] {
  id: '<20251223123011.a13e6236ee4a81b3@mg.gammarips.com>',
  message: 'Queued. Thank you.'
}
[Mailgun Debug] DOMAIN= mg.gammarips.com
[Mailgun Debug] FROM  = GammaRips <support@gammarips.com>
[Mailgun Debug] TO    = Mujeeb Ahmed <mujeebahmed9656@gmail.com>
[Mailgun Debug] SUBJ  = The Daily Playbook: Tomorrow’s contracts are ready.
[Mailgun Success] {
  id: '<20251223123011.9e9ad8c1d4393827@mg.gammarips.com>',
  message: 'Queued. Thank you.'
}
[Mailgun Debug] DOMAIN= mg.gammarips.com
[Mailgun Debug] FROM  = GammaRips <support@gammarips.com>
[Mailgun Debug] TO    = eparra1@fau.edu <eparra1@fau.edu>
[Mailgun Debug] SUBJ  = The Daily Playbook: Tomorrow’s contracts are ready.
[Mailgun Success] {
  id: '<20251223123011.81018da6f8c61ca9@mg.gammarips.com>',
  message: 'Queued. Thank you.'
}
[Mailgun Debug] DOMAIN= mg.gammarips.com
[Mailgun Debug] FROM  = GammaRips <support@gammarips.com>
[Mailgun Debug] TO    = Lamatic Agent <agentlamatic@gmail.com>
[Mailgun Debug] SUBJ  = The Daily Playbook: Tomorrow’s contracts are ready.
[Mailgun Success] {
  id: '<20251223123012.8136ef3c8863ab2e@mg.gammarips.com>',
  message: 'Queued. Thank you.'
}
[Mailgun Debug] DOMAIN= mg.gammarips.com
[Mailgun Debug] FROM  = GammaRips <support@gammarips.com>
[Mailgun Debug] TO    = tmd423089@gmail.com <tmd423089@gmail.com>
[Mailgun Debug] SUBJ  = The Daily Playbook: Tomorrow’s contracts are ready.
[Mailgun Success] {
  id: '<20251223123012.dd5f594cee02d946@mg.gammarips.com>',
  message: 'Queued. Thank you.'
}
[Mailgun Debug] DOMAIN= mg.gammarips.com
[Mailgun Debug] FROM  = GammaRips <support@gammarips.com>
[Mailgun Debug] TO    = aslanpoor994@gmail.com <aslanpoor994@gmail.com>
[Mailgun Debug] SUBJ  = The Daily Playbook: Tomorrow’s contracts are ready.
[Mailgun Success] {
  id: '<20251223123012.86d5ccd056439572@mg.gammarips.com>',
  message: 'Queued. Thank you.'
}
[Mailgun Debug] DOMAIN= mg.gammarips.com
[Mailgun Debug] FROM  = GammaRips <support@gammarips.com>
[Mailgun Debug] TO    = Rusa Timur21 <rusatimur2002@gmail.com>
[Mailgun Debug] SUBJ  = The Daily Playbook: Tomorrow’s contracts are ready.
[Mailgun Success] {
  id: '<20251223123012.b149dc16cf15644c@mg.gammarips.com>',
  message: 'Queued. Thank you.'
}
[Mailgun Debug] DOMAIN= mg.gammarips.com
[Mailgun Debug] FROM  = GammaRips <support@gammarips.com>
[Mailgun Debug] TO    = Barnath Kh <khsabikur@gmail.com>
[Mailgun Debug] SUBJ  = The Daily Playbook: Tomorrow’s contracts are ready.
[Mailgun Success] {
  id: '<20251223123012.d6e31ffd6c8e561f@mg.gammarips.com>',
  message: 'Queued. Thank you.'
}
[Mailgun Debug] DOMAIN= mg.gammarips.com
[Mailgun Debug] FROM  = GammaRips <support@gammarips.com>
[Mailgun Debug] TO    = Joseph Woollard <joseph.woollard@gmail.com>
[Mailgun Debug] SUBJ  = The Daily Playbook: Tomorrow’s contracts are ready.
[Mailgun Success] {
  id: '<20251223123012.34a52256f5ff2afc@mg.gammarips.com>',
  message: 'Queued. Thank you.'
}
[Mailgun Debug] DOMAIN= mg.gammarips.com
[Mailgun Debug] FROM  = GammaRips <support@gammarips.com>
[Mailgun Debug] TO    = Wendy berenice Palos <wendyberenicepalos@gmail.com>
[Mailgun Debug] SUBJ  = The Daily Playbook: Tomorrow’s contracts are ready.
[Mailgun Success] {
  id: '<20251223123012.a9f1b6401f3a079f@mg.gammarips.com>',
  message: 'Queued. Thank you.'
}
[Mailgun Debug] DOMAIN= mg.gammarips.com
[Mailgun Debug] FROM  = GammaRips <support@gammarips.com>
[Mailgun Debug] TO    = VIKAS GARG <garg.vikas82@gmail.com>
[Mailgun Debug] SUBJ  = The Daily Playbook: Tomorrow’s contracts are ready.
[Mailgun Success] {
  id: '<20251223123013.dc8bd6d6bf78ac4e@mg.gammarips.com>',
  message: 'Queued. Thank you.'
}
[Mailgun Debug] DOMAIN= mg.gammarips.com
[Mailgun Debug] FROM  = GammaRips <support@gammarips.com>
[Mailgun Debug] TO    = michel noel <pmjobdone@gmail.com>
[Mailgun Debug] SUBJ  = The Daily Playbook: Tomorrow’s contracts are ready.
[Mailgun Success] {
  id: '<20251223123013.17c82358d64869db@mg.gammarips.com>',
  message: 'Queued. Thank you.'
}
[Mailgun Debug] DOMAIN= mg.gammarips.com
[Mailgun Debug] FROM  = GammaRips <support@gammarips.com>
[Mailgun Debug] TO    = nherzogrn@icloud.com <nherzogrn@icloud.com>
[Mailgun Debug] SUBJ  = The Daily Playbook: Tomorrow’s contracts are ready.
[Mailgun Success] {
  id: '<20251223123013.2eb669b42eb569c8@mg.gammarips.com>',
  message: 'Queued. Thank you.'
}
[Mailgun Debug] DOMAIN= mg.gammarips.com
[Mailgun Debug] FROM  = GammaRips <support@gammarips.com>
[Mailgun Debug] TO    = zuleymaherrera60@gmail.com <zuleymaherrera60@gmail.com>
[Mailgun Debug] SUBJ  = The Daily Playbook: Tomorrow’s contracts are ready.
[Mailgun Success] {
  id: '<20251223123013.13aef07b52205585@mg.gammarips.com>',
  message: 'Queued. Thank you.'
}
[Mailgun Debug] DOMAIN= mg.gammarips.com
[Mailgun Debug] FROM  = GammaRips <support@gammarips.com>
[Mailgun Debug] TO    = Evan Parra <admin@evanparra.ai>
[Mailgun Debug] SUBJ  = The Daily Playbook: Tomorrow’s contracts are ready.
[Mailgun Success] {
  id: '<20251223123013.be9f42fca386df25@mg.gammarips.com>',
  message: 'Queued. Thank you.'
}
[Mailgun Debug] DOMAIN= mg.gammarips.com
[Mailgun Debug] FROM  = GammaRips <support@gammarips.com>
[Mailgun Debug] TO    = dylancgonzalez136@gmail.com <dylancgonzalez136@gmail.com>
[Mailgun Debug] SUBJ  = The Daily Playbook: Tomorrow’s contracts are ready.
[Mailgun Success] {
  id: '<20251223123013.b5f8d0b8c6134c0d@mg.gammarips.com>',
  message: 'Queued. Thank you.'
}
[Mailgun Debug] DOMAIN= mg.gammarips.com
[Mailgun Debug] FROM  = GammaRips <support@gammarips.com>
[Mailgun Debug] TO    = Micheal J <micheal.martinj@gmail.com>
[Mailgun Debug] SUBJ  = The Daily Playbook: Tomorrow’s contracts are ready.
[Mailgun Success] {
  id: '<20251223123013.1b63a962f0397b24@mg.gammarips.com>',
  message: 'Queued. Thank you.'
}
[Mailgun Debug] DOMAIN= mg.gammarips.com
[Mailgun Debug] FROM  = GammaRips <support@gammarips.com>
[Mailgun Debug] TO    = mjh1843@gmail.com <mjh1843@gmail.com>
[Mailgun Debug] SUBJ  = The Daily Playbook: Tomorrow’s contracts are ready.
[Mailgun Success] {
  id: '<20251223123014.3471d27520f3b7c4@mg.gammarips.com>',
  message: 'Queued. Thank you.'
}
[Mailgun Debug] DOMAIN= mg.gammarips.com
[Mailgun Debug] FROM  = GammaRips <support@gammarips.com>
[Mailgun Debug] TO    = Pradeep Shinde <shindepradeep177@gmail.com>
[Mailgun Debug] SUBJ  = The Daily Playbook: Tomorrow’s contracts are ready.
[Mailgun Success] {
  id: '<20251223123014.154f749d30de9123@mg.gammarips.com>',
  message: 'Queued. Thank you.'
}
[Mailgun Debug] DOMAIN= mg.gammarips.com
[Mailgun Debug] FROM  = GammaRips <support@gammarips.com>
[Mailgun Debug] TO    = tandubryan7@gmail.com <tandubryan7@gmail.com>
[Mailgun Debug] SUBJ  = The Daily Playbook: Tomorrow’s contracts are ready.
[Mailgun Success] {
  id: '<20251223123014.e9c3e6c94be4cbee@mg.gammarips.com>',
  message: 'Queued. Thank you.'
}
[Mailgun Debug] DOMAIN= mg.gammarips.com
[Mailgun Debug] FROM  = GammaRips <support@gammarips.com>
[Mailgun Debug] TO    = Shuvendu Pritam Das <shuvendupritamdas@gmail.com>
[Mailgun Debug] SUBJ  = The Daily Playbook: Tomorrow’s contracts are ready.
[Mailgun Success] {
  id: '<20251223123014.6da61d01e6a86034@mg.gammarips.com>',
  message: 'Queued. Thank you.'
}
[Mailgun Debug] DOMAIN= mg.gammarips.com
[Mailgun Debug] FROM  = GammaRips <support@gammarips.com>
[Mailgun Debug] TO    = luckyresad85@gmail.com <luckyresad85@gmail.com>
[Mailgun Debug] SUBJ  = The Daily Playbook: Tomorrow’s contracts are ready.
[Mailgun Success] {
  id: '<20251223123014.5a0e51fa60223515@mg.gammarips.com>',
  message: 'Queued. Thank you.'
}
[Mailgun Debug] DOMAIN= mg.gammarips.com
[Mailgun Debug] FROM  = GammaRips <support@gammarips.com>
[Mailgun Debug] TO    = علي الجمالي <aliagg741@gmail.com>
[Mailgun Debug] SUBJ  = The Daily Playbook: Tomorrow’s contracts are ready.
[Mailgun Success] {
  id: '<20251223123014.b31fcc8bc45aeaf5@mg.gammarips.com>',
  message: 'Queued. Thank you.'
}
[Mailgun Debug] DOMAIN= mg.gammarips.com
[Mailgun Debug] FROM  = GammaRips <support@gammarips.com>
[Mailgun Debug] TO    = Yash <ritikipl3001@gmail.com>
[Mailgun Debug] SUBJ  = The Daily Playbook: Tomorrow’s contracts are ready.
[Mailgun Success] {
  id: '<20251223123015.34c4c6311a3d7941@mg.gammarips.com>',
  message: 'Queued. Thank you.'
}
[Mailgun Debug] DOMAIN= mg.gammarips.com
[Mailgun Debug] FROM  = GammaRips <support@gammarips.com>
[Mailgun Debug] TO    = alondrapech49@gmail.com <alondrapech49@gmail.com>
[Mailgun Debug] SUBJ  = The Daily Playbook: Tomorrow’s contracts are ready.
[Mailgun Success] {
  id: '<20251223123015.973c6de416158724@mg.gammarips.com>',
  message: 'Queued. Thank you.'
}
[Mailgun Debug] DOMAIN= mg.gammarips.com
[Mailgun Debug] FROM  = GammaRips <support@gammarips.com>
[Mailgun Debug] TO    = derrion bishop <derrionbishop9@gmail.com>
[Mailgun Debug] SUBJ  = The Daily Playbook: Tomorrow’s contracts are ready.
[Mailgun Success] {
  id: '<20251223123015.3b1ca7e8feceb156@mg.gammarips.com>',
  message: 'Queued. Thank you.'
}
[Mailgun Debug] DOMAIN= mg.gammarips.com
[Mailgun Debug] FROM  = GammaRips <support@gammarips.com>
[Mailgun Debug] TO    = xhowdhuryariyan72@gmail.com <xhowdhuryariyan72@gmail.com>
[Mailgun Debug] SUBJ  = The Daily Playbook: Tomorrow’s contracts are ready.
[Mailgun Success] {
  id: '<20251223123015.16a0c1b061805dd1@mg.gammarips.com>',
  message: 'Queued. Thank you.'
}
[Mailgun Debug] DOMAIN= mg.gammarips.com
[Mailgun Debug] FROM  = GammaRips <support@gammarips.com>
[Mailgun Debug] TO    = isaospina0616@gmail.com <isaospina0616@gmail.com>
[Mailgun Debug] SUBJ  = The Daily Playbook: Tomorrow’s contracts are ready.
[Mailgun Success] {
  id: '<20251223123015.6e628d78de13151c@mg.gammarips.com>',
  message: 'Queued. Thank you.'
}
[Mailgun Debug] DOMAIN= mg.gammarips.com
[Mailgun Debug] FROM  = GammaRips <support@gammarips.com>
[Mailgun Debug] TO    = ebrahim parizad <ebrahim.parizad123@gmail.com>
[Mailgun Debug] SUBJ  = The Daily Playbook: Tomorrow’s contracts are ready.
[Mailgun Success] {
  id: '<20251223123015.7a6d9476234d2e35@mg.gammarips.com>',
  message: 'Queued. Thank you.'
}
[Mailgun Debug] DOMAIN= mg.gammarips.com
[Mailgun Debug] FROM  = GammaRips <support@gammarips.com>
[Mailgun Debug] TO    = baylywaltonsuper21@outlook.com <baylywaltonsuper21@outlook.com>
[Mailgun Debug] SUBJ  = The Daily Playbook: Tomorrow’s contracts are ready.
[Mailgun Success] {
  id: '<20251223123015.2aeb3ab00e5013b1@mg.gammarips.com>',
  message: 'Queued. Thank you.'
}
[Mailgun Debug] DOMAIN= mg.gammarips.com
[Mailgun Debug] FROM  = GammaRips <support@gammarips.com>
[Mailgun Debug] TO    = ramonperrett@062214.com <ramonperrett@062214.com>
[Mailgun Debug] SUBJ  = The Daily Playbook: Tomorrow’s contracts are ready.
[Mailgun Success] {
  id: '<20251223123016.b2aa151aefd1592b@mg.gammarips.com>',
  message: 'Queued. Thank you.'
}
[Mailgun Debug] DOMAIN= mg.gammarips.com
[Mailgun Debug] FROM  = GammaRips <support@gammarips.com>
[Mailgun Debug] TO    = rwilliams1081@gmail.com <rwilliams1081@gmail.com>
[Mailgun Debug] SUBJ  = The Daily Playbook: Tomorrow’s contracts are ready.
[Mailgun Success] {
  id: '<20251223123016.01092b70ac0caa6a@mg.gammarips.com>',
  message: 'Queued. Thank you.'
}
[Mailgun Debug] DOMAIN= mg.gammarips.com
[Mailgun Debug] FROM  = GammaRips <support@gammarips.com>
[Mailgun Debug] TO    = Kimberly <kimyhm23@gmail.com>
[Mailgun Debug] SUBJ  = The Daily Playbook: Tomorrow’s contracts are ready.
[Mailgun Success] {
  id: '<20251223123016.59b4fde29047b270@mg.gammarips.com>',
  message: 'Queued. Thank you.'
}
[Mailgun Debug] DOMAIN= mg.gammarips.com
[Mailgun Debug] FROM  = GammaRips <support@gammarips.com>
[Mailgun Debug] TO    = kas1014e@gmail.com <kas1014e@gmail.com>
[Mailgun Debug] SUBJ  = The Daily Playbook: Tomorrow’s contracts are ready.
[Mailgun Success] {
  id: '<20251223123016.c2caee355b32e3cf@mg.gammarips.com>',
  message: 'Queued. Thank you.'
}
[Mailgun Debug] DOMAIN= mg.gammarips.com
[Mailgun Debug] FROM  = GammaRips <support@gammarips.com>
[Mailgun Debug] TO    = Ivan Parra <ivanparratoledo@gmail.com>
[Mailgun Debug] SUBJ  = The Daily Playbook: Tomorrow’s contracts are ready.
[Mailgun Success] {
  id: '<20251223123016.be424f4c7028fbad@mg.gammarips.com>',
  message: 'Queued. Thank you.'
}
[Mailgun Debug] DOMAIN= mg.gammarips.com
[Mailgun Debug] FROM  = GammaRips <support@gammarips.com>
[Mailgun Debug] TO    = Aaditya Ranka <aditya.ranka401@gmail.com>
[Mailgun Debug] SUBJ  = The Daily Playbook: Tomorrow’s contracts are ready.
[Mailgun Success] {
  id: '<20251223123016.57326a48cb56475a@mg.gammarips.com>',
  message: 'Queued. Thank you.'
}
[Mailgun Debug] DOMAIN= mg.gammarips.com
[Mailgun Debug] FROM  = GammaRips <support@gammarips.com>
[Mailgun Debug] TO    = josuemejia2014@gmail.com <josuemejia2014@gmail.com>
[Mailgun Debug] SUBJ  = The Daily Playbook: Tomorrow’s contracts are ready.
[Mailgun Success] {
  id: '<20251223123016.fa880606000a9e18@mg.gammarips.com>',
  message: 'Queued. Thank you.'
}
[Mailgun Debug] DOMAIN= mg.gammarips.com
[Mailgun Debug] FROM  = GammaRips <support@gammarips.com>
[Mailgun Debug] TO    = eparra1@fau.edu <eparra1@fau.edu>
[Mailgun Debug] SUBJ  = The Daily Playbook: Tomorrow’s contracts are ready.
[Mailgun Success] {
  id: '<20251223123017.ed84cf03fbb1abca@mg.gammarips.com>',
  message: 'Queued. Thank you.'
}
[Mailgun Debug] DOMAIN= mg.gammarips.com
[Mailgun Debug] FROM  = GammaRips <support@gammarips.com>
[Mailgun Debug] TO    = Evan Parra <eraphaelparra@gmail.com>
[Mailgun Debug] SUBJ  = The Daily Playbook: Tomorrow’s contracts are ready.
[Mailgun Success] {
  id: '<20251223123017.1f1696d3c2c6eed9@mg.gammarips.com>',
  message: 'Queued. Thank you.'
}
[Mailgun Debug] DOMAIN= mg.gammarips.com
[Mailgun Debug] FROM  = GammaRips <support@gammarips.com>
[Mailgun Debug] TO    = Nazmul Opu <nazmulopu10@gmail.com>
[Mailgun Debug] SUBJ  = The Daily Playbook: Tomorrow’s contracts are ready.
[Mailgun Success] {
  id: '<20251223123017.0caf1e1b51620283@mg.gammarips.com>',
  message: 'Queued. Thank you.'
}
[Mailgun Debug] DOMAIN= mg.gammarips.com
[Mailgun Debug] FROM  = GammaRips <support@gammarips.com>
[Mailgun Debug] TO    = eleanor.riggers@gali.com <eleanor.riggers@gali.com>
[Mailgun Debug] SUBJ  = The Daily Playbook: Tomorrow’s contracts are ready.
[Mailgun Success] {
  id: '<20251223123017.13d35a061e3432a0@mg.gammarips.com>',
  message: 'Queued. Thank you.'
}
[Mailgun Debug] DOMAIN= mg.gammarips.com
[Mailgun Debug] FROM  = GammaRips <support@gammarips.com>
[Mailgun Debug] TO    = jacobboy703@icloud.com <jacobboy703@icloud.com>
[Mailgun Debug] SUBJ  = The Daily Playbook: Tomorrow’s contracts are ready.
[Mailgun Success] {
  id: '<20251223123017.304a538485362754@mg.gammarips.com>',
  message: 'Queued. Thank you.'
}
[Mailgun Debug] DOMAIN= mg.gammarips.com
[Mailgun Debug] FROM  = GammaRips <support@gammarips.com>
[Mailgun Debug] TO    = Lethukuthula Zulu <zululethukuthula657@gmail.com>
[Mailgun Debug] SUBJ  = The Daily Playbook: Tomorrow’s contracts are ready.
[Mailgun Success] {
  id: '<20251223123018.e8ae5f62d2c9f4c2@mg.gammarips.com>',
  message: 'Queued. Thank you.'
}
[Mailgun Debug] DOMAIN= mg.gammarips.com
[Mailgun Debug] FROM  = GammaRips <support@gammarips.com>
[Mailgun Debug] TO    = nardi0122@gmail.com <nardi0122@gmail.com>
[Mailgun Debug] SUBJ  = The Daily Playbook: Tomorrow’s contracts are ready.
[Mailgun Success] {
  id: '<20251223123018.a0932658a3609b01@mg.gammarips.com>',
  message: 'Queued. Thank you.'
}
[Mailgun Debug] DOMAIN= mg.gammarips.com
[Mailgun Debug] FROM  = GammaRips <support@gammarips.com>
[Mailgun Debug] TO    = ikerag785@gmail.com <ikerag785@gmail.com>
[Mailgun Debug] SUBJ  = The Daily Playbook: Tomorrow’s contracts are ready.
[Mailgun Success] {
  id: '<20251223123018.52e17ca68f573dc6@mg.gammarips.com>',
  message: 'Queued. Thank you.'
}
[Mailgun Debug] DOMAIN= mg.gammarips.com
[Mailgun Debug] FROM  = GammaRips <support@gammarips.com>
[Mailgun Debug] TO    = denvercofer@icloud.com <denvercofer@icloud.com>
[Mailgun Debug] SUBJ  = The Daily Playbook: Tomorrow’s contracts are ready.
[Mailgun Success] {
  id: '<20251223123019.781f80cfd94ce938@mg.gammarips.com>',
  message: 'Queued. Thank you.'
}
[Mailgun Debug] DOMAIN= mg.gammarips.com
[Mailgun Debug] FROM  = GammaRips <support@gammarips.com>
[Mailgun Debug] TO    = xaryaz0212@gmail.com <xaryaz0212@gmail.com>
[Mailgun Debug] SUBJ  = The Daily Playbook: Tomorrow’s contracts are ready.
[Mailgun Success] {
  id: '<20251223123019.31c0d2a16fdfaa32@mg.gammarips.com>',
  message: 'Queued. Thank you.'
}
[Mailgun Debug] DOMAIN= mg.gammarips.com
[Mailgun Debug] FROM  = GammaRips <support@gammarips.com>
[Mailgun Debug] TO    = Joseph Gerwe <gerwe.joseph@gmail.com>
[Mailgun Debug] SUBJ  = The Daily Playbook: Tomorrow’s contracts are ready.
[Mailgun Success] {
  id: '<20251223123019.4cec845170e22763@mg.gammarips.com>',
  message: 'Queued. Thank you.'
}
[Mailgun Debug] DOMAIN= mg.gammarips.com
[Mailgun Debug] FROM  = GammaRips <support@gammarips.com>
[Mailgun Debug] TO    = ppresley4@icloud.com <ppresley4@icloud.com>
[Mailgun Debug] SUBJ  = The Daily Playbook: Tomorrow’s contracts are ready.
[Mailgun Success] {
  id: '<20251223123020.cb051cafbe720529@mg.gammarips.com>',
  message: 'Queued. Thank you.'
}
[Mailgun Debug] DOMAIN= mg.gammarips.com
[Mailgun Debug] FROM  = GammaRips <support@gammarips.com>
[Mailgun Debug] TO    = teyannagrimes07@icloud.com <teyannagrimes07@icloud.com>
[Mailgun Debug] SUBJ  = The Daily Playbook: Tomorrow’s contracts are ready.
[Mailgun Success] {
  id: '<20251223123020.2851f57ee8945973@mg.gammarips.com>',
  message: 'Queued. Thank you.'
}
[Mailgun Debug] DOMAIN= mg.gammarips.com
[Mailgun Debug] FROM  = GammaRips <support@gammarips.com>
[Mailgun Debug] TO    = Jesiah Colon <getback445jc1569@gmail.com>
[Mailgun Debug] SUBJ  = The Daily Playbook: Tomorrow’s contracts are ready.
[Mailgun Success] {
  id: '<20251223123020.23d79f0fd5fc1c35@mg.gammarips.com>',
  message: 'Queued. Thank you.'
}
[Mailgun Debug] DOMAIN= mg.gammarips.com
[Mailgun Debug] FROM  = GammaRips <support@gammarips.com>
[Mailgun Debug] TO    = antoniohipolito112085@gmail.com <antoniohipolito112085@gmail.com>
[Mailgun Debug] SUBJ  = The Daily Playbook: Tomorrow’s contracts are ready.
[Mailgun Success] {
  id: '<20251223123020.de1430429b01fbbf@mg.gammarips.com>',
  message: 'Queued. Thank you.'
}
[Mailgun Debug] DOMAIN= mg.gammarips.com
[Mailgun Debug] FROM  = GammaRips <support@gammarips.com>
[Mailgun Debug] TO    = test1@aol.com <test1@aol.com>
[Mailgun Debug] SUBJ  = The Daily Playbook: Tomorrow’s contracts are ready.
[Mailgun Success] {
  id: '<20251223123021.3077af3e5c7bff05@mg.gammarips.com>',
  message: 'Queued. Thank you.'
}
[Mailgun Debug] DOMAIN= mg.gammarips.com
[Mailgun Debug] FROM  = GammaRips <support@gammarips.com>
[Mailgun Debug] TO    = Ernest Paleczny <ernestpaleczny@gmail.com>
[Mailgun Debug] SUBJ  = The Daily Playbook: Tomorrow’s contracts are ready.
[Mailgun Success] {
  id: '<20251223123021.b191bd273952ffb3@mg.gammarips.com>',
  message: 'Queued. Thank you.'
}
[Mailgun Debug] DOMAIN= mg.gammarips.com
[Mailgun Debug] FROM  = GammaRips <support@gammarips.com>
[Mailgun Debug] TO    = dbeynon@qsd4.org <dbeynon@qsd4.org>
[Mailgun Debug] SUBJ  = The Daily Playbook: Tomorrow’s contracts are ready.
[Mailgun Success] {
  id: '<20251223123022.6e0380bdd9d464b6@mg.gammarips.com>',
  message: 'Queued. Thank you.'
}
[Mailgun Debug] DOMAIN= mg.gammarips.com
[Mailgun Debug] FROM  = GammaRips <support@gammarips.com>
[Mailgun Debug] TO    = Noah Schiavoni <noahschiavoni1@gmail.com>
[Mailgun Debug] SUBJ  = The Daily Playbook: Tomorrow’s contracts are ready.
[Mailgun Success] {
  id: '<20251223123022.a3295357cf206497@mg.gammarips.com>',
  message: 'Queued. Thank you.'
}
[Mailgun Debug] DOMAIN= mg.gammarips.com
[Mailgun Debug] FROM  = GammaRips <support@gammarips.com>
[Mailgun Debug] TO    = adrwsimonyi@gmail.com <adrwsimonyi@gmail.com>
[Mailgun Debug] SUBJ  = The Daily Playbook: Tomorrow’s contracts are ready.
[Mailgun Success] {
  id: '<20251223123023.27388f1b3b940def@mg.gammarips.com>',
  message: 'Queued. Thank you.'
}
[Mailgun Debug] DOMAIN= mg.gammarips.com
[Mailgun Debug] FROM  = GammaRips <support@gammarips.com>
[Mailgun Debug] TO    = Gosi <gosi60522@gmail.com>
[Mailgun Debug] SUBJ  = The Daily Playbook: Tomorrow’s contracts are ready.
[Mailgun Success] {
  id: '<20251223123023.b9fbb6deac0893d3@mg.gammarips.com>',
  message: 'Queued. Thank you.'
}
[Mailgun Debug] DOMAIN= mg.gammarips.com
[Mailgun Debug] FROM  = GammaRips <support@gammarips.com>
[Mailgun Debug] TO    = donatedonate66@gmail.com <donatedonate66@gmail.com>
[Mailgun Debug] SUBJ  = The Daily Playbook: Tomorrow’s contracts are ready.
[Mailgun Success] {
  id: '<20251223123023.5535f2e7146f282c@mg.gammarips.com>',
  message: 'Queued. Thank you.'
}
[Mailgun Debug] DOMAIN= mg.gammarips.com
[Mailgun Debug] FROM  = GammaRips <support@gammarips.com>
[Mailgun Debug] TO    = dominiquecorrine04@yahoo.com <dominiquecorrine04@yahoo.com>
[Mailgun Debug] SUBJ  = The Daily Playbook: Tomorrow’s contracts are ready.
[Mailgun Success] {
  id: '<20251223123024.3c9a51ecaa4efb3a@mg.gammarips.com>',
  message: 'Queued. Thank you.'
}
[Mailgun Debug] DOMAIN= mg.gammarips.com
[Mailgun Debug] FROM  = GammaRips <support@gammarips.com>
[Mailgun Debug] TO    = Anthony Alpizar <alpizaranthony35@gmail.com>
[Mailgun Debug] SUBJ  = The Daily Playbook: Tomorrow’s contracts are ready.
[Mailgun Success] {
  id: '<20251223123025.cd2315629e203bb6@mg.gammarips.com>',
  message: 'Queued. Thank you.'
}
[Mailgun Debug] DOMAIN= mg.gammarips.com
[Mailgun Debug] FROM  = GammaRips <support@gammarips.com>
[Mailgun Debug] TO    = Lokesh LB <lokeshlb82@gmail.com>
[Mailgun Debug] SUBJ  = The Daily Playbook: Tomorrow’s contracts are ready.
[Mailgun Success] {
  id: '<20251223123026.653e07c073423470@mg.gammarips.com>',
  message: 'Queued. Thank you.'
}
[Mailgun Debug] DOMAIN= mg.gammarips.com
[Mailgun Debug] FROM  = GammaRips <support@gammarips.com>
[Mailgun Debug] TO    = Michael Wade <wadem2894@gmail.com>
[Mailgun Debug] SUBJ  = The Daily Playbook: Tomorrow’s contracts are ready.
[Mailgun Success] {
  id: '<20251223123027.4b1abc0f8ff32d24@mg.gammarips.com>',
  message: 'Queued. Thank you.'
}
[Mailgun Debug] DOMAIN= mg.gammarips.com
[Mailgun Debug] FROM  = GammaRips <support@gammarips.com>
[Mailgun Debug] TO    = sjv5nftywb@privaterelay.appleid.com <sjv5nftywb@privaterelay.appleid.com>
[Mailgun Debug] SUBJ  = The Daily Playbook: Tomorrow’s contracts are ready.
[Mailgun Success] {
  id: '<20251223123027.6be5ca85d81fd7f7@mg.gammarips.com>',
  message: 'Queued. Thank you.'
}
[Mailgun Debug] DOMAIN= mg.gammarips.com
[Mailgun Debug] FROM  = GammaRips <support@gammarips.com>
[Mailgun Debug] TO    = eddiehutson@yahoo.com <eddiehutson@yahoo.com>
[Mailgun Debug] SUBJ  = The Daily Playbook: Tomorrow’s contracts are ready.
[Mailgun Success] {
  id: '<20251223123028.a6f9d3e284be62f6@mg.gammarips.com>',
  message: 'Queued. Thank you.'
}
[Mailgun Debug] DOMAIN= mg.gammarips.com
[Mailgun Debug] FROM  = GammaRips <support@gammarips.com>
[Mailgun Debug] TO    = admin@profitscout.app <admin@profitscout.app>
[Mailgun Debug] SUBJ  = The Daily Playbook: Tomorrow’s contracts are ready.
[Mailgun Success] {
  id: '<20251223123029.b6ecabcea507bc51@mg.gammarips.com>',
  message: 'Queued. Thank you.'
}
[Mailgun Debug] DOMAIN= mg.gammarips.com
[Mailgun Debug] FROM  = GammaRips <support@gammarips.com>
[Mailgun Debug] TO    = market08@live.com <market08@live.com>
[Mailgun Debug] SUBJ  = The Daily Playbook: Tomorrow’s contracts are ready.
[Mailgun Success] {
  id: '<20251223123029.8c18b03280c8a860@mg.gammarips.com>',
  message: 'Queued. Thank you.'
}
[Mailgun Debug] DOMAIN= mg.gammarips.com
[Mailgun Debug] FROM  = GammaRips <support@gammarips.com>
[Mailgun Debug] TO    = hudineas@gmail.com <hudineas@gmail.com>
[Mailgun Debug] SUBJ  = The Daily Playbook: Tomorrow’s contracts are ready.
[Mailgun Success] {
  id: '<20251223123030.519c7a4292feb5d1@mg.gammarips.com>',
  message: 'Queued. Thank you.'
}
[Mailgun Debug] DOMAIN= mg.gammarips.com
[Mailgun Debug] FROM  = GammaRips <support@gammarips.com>
[Mailgun Debug] TO    = Dominick Porcelli <dominickporcelli53@gmail.com>
[Mailgun Debug] SUBJ  = The Daily Playbook: Tomorrow’s contracts are ready.
[Mailgun Success] {
  id: '<20251223123030.19a3dfc2263019b1@mg.gammarips.com>',
  message: 'Queued. Thank you.'
}
[Mailgun Debug] DOMAIN= mg.gammarips.com
[Mailgun Debug] FROM  = GammaRips <support@gammarips.com>
[Mailgun Debug] TO    = cekeeud7973@gmail.com <cekeeud7973@gmail.com>
[Mailgun Debug] SUBJ  = The Daily Playbook: Tomorrow’s contracts are ready.
[Mailgun Success] {
  id: '<20251223123031.a27673f53c8e921a@mg.gammarips.com>',
  message: 'Queued. Thank you.'
}
[Mailgun Debug] DOMAIN= mg.gammarips.com
[Mailgun Debug] FROM  = GammaRips <support@gammarips.com>
[Mailgun Debug] TO    = Sean Kenny <seankennynsh@gmail.com>
[Mailgun Debug] SUBJ  = The Daily Playbook: Tomorrow’s contracts are ready.
[Mailgun Success] {
  id: '<20251223123031.2d8f4af9d28e5a27@mg.gammarips.com>',
  message: 'Queued. Thank you.'
}
[Mailgun Debug] DOMAIN= mg.gammarips.com
[Mailgun Debug] FROM  = GammaRips <support@gammarips.com>
[Mailgun Debug] TO    = burkse828@gmail.com <burkse828@gmail.com>
[Mailgun Debug] SUBJ  = The Daily Playbook: Tomorrow’s contracts are ready.
[Mailgun Success] {
  id: '<20251223123032.662f70edd5cebeb8@mg.gammarips.com>',
  message: 'Queued. Thank you.'
}
